nohup: ignoring input
System initialized with production LiveAlpacaBackend.
Gatekeeper is active and monitoring markets.
APPROVED: {'action': 'BUY', 'message': 'Standard trade'}
VETOED: {'action': 'SELL', 'message': 'CRITICAL: Connection error'}
APPROVED: {'action': 'BUY', 'message': 'Standard trade'}
VETOED: {'action': 'SELL', 'message': 'CRITICAL: Connection error'}
APPROVED: {'action': 'BUY', 'message': 'Standard trade'}
VETOED: {'action': 'SELL', 'message': 'CRITICAL: Connection error'}
APPROVED: {'action': 'BUY', 'message': 'Standard trade'}
VETOED: {'action': 'SELL', 'message': 'CRITICAL: Connection error'}
APPROVED: {'action': 'BUY', 'message': 'Standard trade'}
VETOED: {'action': 'SELL', 'message': 'CRITICAL: Connection error'}
APPROVED: {'action': 'BUY', 'message': 'Standard trade'}
VETOED: {'action': 'SELL', 'message': 'CRITICAL: Connection error'}
APPROVED: {'action': 'BUY', 'message': 'Standard trade'}
VETOED: {'action': 'SELL', 'message': 'CRITICAL: Connection error'}
APPROVED: {'action': 'BUY', 'message': 'Standard trade'}
VETOED: {'action': 'SELL', 'message': 'CRITICAL: Connection error'}
APPROVED: {'action': 'BUY', 'message': 'Standard trade'}
VETOED: {'action': 'SELL', 'message': 'CRITICAL: Connection error'}
APPROVED: {'action': 'BUY', 'message': 'Standard trade'}
VETOED: {'action': 'SELL', 'message': 'CRITICAL: Connection error'}
APPROVED: {'action': 'BUY', 'message': 'Standard trade'}
VETOED: {'action': 'SELL', 'message': 'CRITICAL: Connection error'}
APPROVED: {'action': 'BUY', 'message': 'Standard trade'}
VETOED: {'action': 'SELL', 'message': 'CRITICAL: Connection error'}
APPROVED: {'action': 'BUY', 'message': 'Standard trade'}
VETOED: {'action': 'SELL', 'message': 'CRITICAL: Connection error'}
APPROVED: {'action': 'BUY', 'message': 'Standard trade'}
VETOED: {'action': 'SELL', 'message': 'CRITICAL: Connection error'}
APPROVED: {'action': 'BUY', 'message': 'Standard trade'}
VETOED: {'action': 'SELL', 'message': 'CRITICAL: Connection error'}
APPROVED: {'action': 'BUY', 'message': 'Standard trade'}
VETOED: {'action': 'SELL', 'message': 'CRITICAL: Connection error'}
APPROVED: {'action': 'BUY', 'message': 'Standard trade'}
VETOED: {'action': 'SELL', 'message': 'CRITICAL: Connection error'}
APPROVED: {'action': 'BUY', 'message': 'Standard trade'}
VETOED: {'action': 'SELL', 'message': 'CRITICAL: Connection error'}
APPROVED: {'action': 'BUY', 'message': 'Standard trade'}
VETOED: {'action': 'SELL', 'message': 'CRITICAL: Connection error'}
APPROVED: {'action': 'BUY', 'message': 'Standard trade'}
VETOED: {'action': 'SELL', 'message': 'CRITICAL: Connection error'}
APPROVED: {'action': 'BUY', 'message': 'Standard trade'}
VETOED: {'action': 'SELL', 'message': 'CRITICAL: Connection error'}
APPROVED: {'action': 'BUY', 'message': 'Standard trade'}
VETOED: {'action': 'SELL', 'message': 'CRITICAL: Connection error'}
APPROVED: {'action': 'BUY', 'message': 'Standard trade'}
VETOED: {'action': 'SELL', 'message': 'CRITICAL: Connection error'}
APPROVED: {'action': 'BUY', 'message': 'Standard trade'}
VETOED: {'action': 'SELL', 'message': 'CRITICAL: Connection error'}
APPROVED: {'action': 'BUY', 'message': 'Standard trade'}
VETOED: {'action': 'SELL', 'message': 'CRITICAL: Connection error'}
APPROVED: {'action': 'BUY', 'message': 'Standard trade'}
VETOED: {'action': 'SELL', 'message': 'CRITICAL: Connection error'}
APPROVED: {'action': 'BUY', 'message': 'Standard trade'}
VETOED: {'action': 'SELL', 'message': 'CRITICAL: Connection error'}
APPROVED: {'action': 'BUY', 'message': 'Standard trade'}
VETOED: {'action': 'SELL', 'message': 'CRITICAL: Connection error'}
APPROVED: {'action': 'BUY', 'message': 'Standard trade'}
VETOED: {'action': 'SELL', 'message': 'CRITICAL: Connection error'}
APPROVED: {'action': 'BUY', 'message': 'Standard trade'}
VETOED: {'action': 'SELL', 'message': 'CRITICAL: Connection error'}
APPROVED: {'action': 'BUY', 'message': 'Standard trade'}
VETOED: {'action': 'SELL', 'message': 'CRITICAL: Connection error'}
APPROVED: {'action': 'BUY', 'message': 'Standard trade'}
VETOED: {'action': 'SELL', 'message': 'CRITICAL: Connection error'}
APPROVED: {'action': 'BUY', 'message': 'Standard trade'}
VETOED: {'action': 'SELL', 'message': 'CRITICAL: Connection error'}
APPROVED: {'action': 'BUY', 'message': 'Standard trade'}
VETOED: {'action': 'SELL', 'message': 'CRITICAL: Connection error'}
APPROVED: {'action': 'BUY', 'message': 'Standard trade'}
VETOED: {'action': 'SELL', 'message': 'CRITICAL: Connection error'}
APPROVED: {'action': 'BUY', 'message': 'Standard trade'}
VETOED: {'action': 'SELL', 'message': 'CRITICAL: Connection error'}
APPROVED: {'action': 'BUY', 'message': 'Standard trade'}
VETOED: {'action': 'SELL', 'message': 'CRITICAL: Connection error'}
APPROVED: {'action': 'BUY', 'message': 'Standard trade'}
VETOED: {'action': 'SELL', 'message': 'CRITICAL: Connection error'}
APPROVED: {'action': 'BUY', 'message': 'Standard trade'}
VETOED: {'action': 'SELL', 'message': 'CRITICAL: Connection error'}
APPROVED: {'action': 'BUY', 'message': 'Standard trade'}
VETOED: {'action': 'SELL', 'message': 'CRITICAL: Connection error'}
APPROVED: {'action': 'BUY', 'message': 'Standard trade'}
VETOED: {'action': 'SELL', 'message': 'CRITICAL: Connection error'}
APPROVED: {'action': 'BUY', 'message': 'Standard trade'}
VETOED: {'action': 'SELL', 'message': 'CRITICAL: Connection error'}
APPROVED: {'action': 'BUY', 'message': 'Standard trade'}
VETOED: {'action': 'SELL', 'message': 'CRITICAL: Connection error'}
APPROVED: {'action': 'BUY', 'message': 'Standard trade'}
VETOED: {'action': 'SELL', 'message': 'CRITICAL: Connection error'}
APPROVED: {'action': 'BUY', 'message': 'Standard trade'}
VETOED: {'action': 'SELL', 'message': 'CRITICAL: Connection error'}
APPROVED: {'action': 'BUY', 'message': 'Standard trade'}
VETOED: {'action': 'SELL', 'message': 'CRITICAL: Connection error'}
APPROVED: {'action': 'BUY', 'message': 'Standard trade'}
VETOED: {'action': 'SELL', 'message': 'CRITICAL: Connection error'}
APPROVED: {'action': 'BUY', 'message': 'Standard trade'}
VETOED: {'action': 'SELL', 'message': 'CRITICAL: Connection error'}
APPROVED: {'action': 'BUY', 'message': 'Standard trade'}
VETOED: {'action': 'SELL', 'message': 'CRITICAL: Connection error'}
APPROVED: {'action': 'BUY', 'message': 'Standard trade'}
VETOED: {'action': 'SELL', 'message': 'CRITICAL: Connection error'}
APPROVED: {'action': 'BUY', 'message': 'Standard trade'}
VETOED: {'action': 'SELL', 'message': 'CRITICAL: Connection error'}
APPROVED: {'action': 'BUY', 'message': 'Standard trade'}
VETOED: {'action': 'SELL', 'message': 'CRITICAL: Connection error'}
APPROVED: {'action': 'BUY', 'message': 'Standard trade'}
VETOED: {'action': 'SELL', 'message': 'CRITICAL: Connection error'}
APPROVED: {'action': 'BUY', 'message': 'Standard trade'}
VETOED: {'action': 'SELL', 'message': 'CRITICAL: Connection error'}
APPROVED: {'action': 'BUY', 'message': 'Standard trade'}
VETOED: {'action': 'SELL', 'message': 'CRITICAL: Connection error'}
APPROVED: {'action': 'BUY', 'message': 'Standard trade'}
VETOED: {'action': 'SELL', 'message': 'CRITICAL: Connection error'}
APPROVED: {'action': 'BUY', 'message': 'Standard trade'}
VETOED: {'action': 'SELL', 'message': 'CRITICAL: Connection error'}
APPROVED: {'action': 'BUY', 'message': 'Standard trade'}
VETOED: {'action': 'SELL', 'message': 'CRITICAL: Connection error'}
APPROVED: {'action': 'BUY', 'message': 'Standard trade'}
VETOED: {'action': 'SELL', 'message': 'CRITICAL: Connection error'}
APPROVED: {'action': 'BUY', 'message': 'Standard trade'}
VETOED: {'action': 'SELL', 'message': 'CRITICAL: Connection error'}
APPROVED: {'action': 'BUY', 'message': 'Standard trade'}
VETOED: {'action': 'SELL', 'message': 'CRITICAL: Connection error'}
APPROVED: {'action': 'BUY', 'message': 'Standard trade'}
VETOED: {'action': 'SELL', 'message': 'CRITICAL: Connection error'}
APPROVED: {'action': 'BUY', 'message': 'Standard trade'}
VETOED: {'action': 'SELL', 'message': 'CRITICAL: Connection error'}
APPROVED: {'action': 'BUY', 'message': 'Standard trade'}
VETOED: {'action': 'SELL', 'message': 'CRITICAL: Connection error'}
APPROVED: {'action': 'BUY', 'message': 'Standard trade'}
VETOED: {'action': 'SELL', 'message': 'CRITICAL: Connection error'}
APPROVED: {'action': 'BUY', 'message': 'Standard trade'}
VETOED: {'action': 'SELL', 'message': 'CRITICAL: Connection error'}
APPROVED: {'action': 'BUY', 'message': 'Standard trade'}
VETOED: {'action': 'SELL', 'message': 'CRITICAL: Connection error'}
APPROVED: {'action': 'BUY', 'message': 'Standard trade'}
VETOED: {'action': 'SELL', 'message': 'CRITICAL: Connection error'}
APPROVED: {'action': 'BUY', 'message': 'Standard trade'}
VETOED: {'action': 'SELL', 'message': 'CRITICAL: Connection error'}
APPROVED: {'action': 'BUY', 'message': 'Standard trade'}
VETOED: {'action': 'SELL', 'message': 'CRITICAL: Connection error'}
APPROVED: {'action': 'BUY', 'message': 'Standard trade'}
VETOED: {'action': 'SELL', 'message': 'CRITICAL: Connection error'}
APPROVED: {'action': 'BUY', 'message': 'Standard trade'}
VETOED: {'action': 'SELL', 'message': 'CRITICAL: Connection error'}
APPROVED: {'action': 'BUY', 'message': 'Standard trade'}
VETOED: {'action': 'SELL', 'message': 'CRITICAL: Connection error'}
APPROVED: {'action': 'BUY', 'message': 'Standard trade'}
VETOED: {'action': 'SELL', 'message': 'CRITICAL: Connection error'}
