2026-08-05 22:25:55 [INFO] [MAIN] Initializing QuantBot Architecture with Audit Logging...
2026-08-05 22:25:55 [INFO] [MAIN] Loaded symbol universe: ['MSFT', 'AAPL', 'GOOGL', 'AMZN', 'NVDA', 'JPM']
2026-08-05 22:25:55 [INFO] [MAIN] Entering continuous event loop. Monitoring market hours...
2026-08-05 22:25:55 [INFO] [MAIN] Market closed. Bot idling to conserve CPU/RAM...
2026-08-05 22:26:55 [INFO] [MAIN] Market closed. Bot idling to conserve CPU/RAM...
2026-08-05 22:27:55 [INFO] [MAIN] Market closed. Bot idling to conserve CPU/RAM...
2026-08-05 22:31:09 [INFO] [MAIN] Initializing QuantBot Architecture with Dynamic Asset Universe...
2026-08-05 22:31:09 [INFO] [MAIN] Fetching full tradable asset universe from broker (excluding crypto)...
2026-08-05 22:31:09 [ERROR] [MAIN] Failed to fetch dynamic asset universe: 'BrokerAdapter' object has no attribute 'api'. Falling back to default list.
2026-08-05 22:31:09 [INFO] [MAIN] Entering continuous event loop. Monitoring market hours...
2026-08-05 22:31:09 [INFO] [MAIN] Market closed. Bot idling to conserve CPU/RAM...
2026-08-05 22:33:31 [INFO] [MAIN] Initializing QuantBot Architecture with Dynamic Asset Universe...
2026-08-05 22:33:31 [INFO] [MAIN] Fetching full tradable asset universe from broker (excluding crypto)...
2026-08-05 22:33:31 [ERROR] [MAIN] Failed to fetch dynamic asset universe: 'BrokerAdapter' object has no attribute 'api'. Falling back to default list.
2026-08-05 22:33:31 [INFO] [MAIN] Entering continuous event loop. Monitoring market hours...
2026-08-05 22:33:31 [INFO] [MAIN] Market closed. Bot idling to conserve CPU/RAM...
2026-08-05 22:34:16 [INFO] [MAIN] Initializing QuantBot Architecture with Dynamic Asset Universe...
2026-08-05 22:34:16 [INFO] [MAIN] Fetching full tradable asset universe from broker (excluding crypto)...
2026-08-05 22:34:16 [ERROR] [MAIN] Failed to fetch dynamic asset universe: 'BrokerAdapter' object has no attribute 'api'. Falling back to default list.
2026-08-05 22:34:16 [INFO] [MAIN] Entering continuous event loop. Monitoring market hours...
2026-08-05 22:34:16 [INFO] [MAIN] Market closed. Bot idling to conserve CPU/RAM...
2026-08-05 22:35:05 [INFO] [MAIN] Initializing QuantBot Architecture with Dynamic Asset Universe...
2026-08-05 22:35:05 [INFO] [MAIN] Loaded tradable asset universe: 10 assets.
2026-08-05 22:35:05 [INFO] [MAIN] Entering continuous event loop. Monitoring market hours...
2026-08-05 22:35:05 [INFO] [MAIN] Market closed. Bot idling to conserve CPU/RAM...
2026-08-05 22:36:05 [INFO] [MAIN] Market closed. Bot idling to conserve CPU/RAM...
2026-08-05 22:37:05 [INFO] [MAIN] Market closed. Bot idling to conserve CPU/RAM...
2026-08-05 22:38:19 [INFO] [MAIN] Initializing QuantBot Architecture with Dynamic Asset Universe...
2026-08-05 22:38:19 [INFO] [MAIN] Loaded tradable asset universe: 10 assets.
2026-08-05 22:38:19 [INFO] [MAIN] Entering continuous event loop. Monitoring market hours...
2026-08-05 22:38:19 [INFO] [MAIN] Market closed. Bot idling to conserve CPU/RAM...
2026-08-05 22:39:19 [INFO] [MAIN] Market closed. Bot idling to conserve CPU/RAM...
2026-08-05 22:40:19 [INFO] [MAIN] Market closed. Bot idling to conserve CPU/RAM...
2026-08-05 22:41:19 [INFO] [MAIN] Market closed. Bot idling to conserve CPU/RAM...
2026-08-05 22:42:19 [INFO] [MAIN] Market closed. Bot idling to conserve CPU/RAM...
2026-08-05 22:44:51 [INFO] [MAIN] Initializing QuantBot Architecture with Dynamic Asset Universe...
2026-08-05 22:44:51 [INFO] [MAIN] Loaded tradable asset universe: 10 assets.
2026-08-05 22:44:51 [INFO] [MAIN] Entering continuous event loop. Monitoring market hours...
2026-08-05 22:44:51 [INFO] [MAIN] Market closed. Bot idling to conserve CPU/RAM...
2026-08-05 22:45:51 [INFO] [MAIN] Market closed. Bot idling to conserve CPU/RAM...
