2026-07-11 01:02:19,927 - CRITICAL - CRITICAL_DRAWDOWN: 1.0
2026-07-11 01:02:19,927 - CRITICAL - SUPERVISOR: Trade blocked by Circuit Breaker: CRITICAL_DRAWDOWN
2026-07-11 01:59:18,450 - CRITICAL - CRITICAL_DRAWDOWN: 1.0
2026-07-11 01:59:18,450 - CRITICAL - AUDIT ALERT: Live bot currently in violation: CRITICAL_DRAWDOWN
2026-07-11 02:59:17,462 - CRITICAL - CRITICAL_DRAWDOWN: 1.0
2026-07-11 02:59:17,462 - CRITICAL - AUDIT ALERT: Live bot currently in violation: CRITICAL_DRAWDOWN
2026-07-11 03:01:20,786 - INFO - Starting Evolutionary Loop...
2026-07-11 03:01:20,987 - INFO - Generation 0 complete.
2026-07-11 03:01:20,987 - INFO - Generation 1 complete.
2026-07-11 03:01:20,987 - INFO - Generation 2 complete.
2026-07-11 03:01:20,992 - INFO - Generation 3 complete.
2026-07-11 03:01:20,992 - INFO - Generation 4 complete.
2026-07-11 03:01:20,992 - INFO - Evolution complete. Best strategy identified.
2026-07-11 03:59:18,696 - CRITICAL - CRITICAL_DRAWDOWN: 1.0
2026-07-11 03:59:18,696 - CRITICAL - AUDIT ALERT: Live bot currently in violation: CRITICAL_DRAWDOWN
2026-07-11 04:59:19,402 - CRITICAL - CRITICAL_DRAWDOWN: 1.0
2026-07-11 04:59:19,402 - CRITICAL - AUDIT ALERT: Live bot currently in violation: CRITICAL_DRAWDOWN
2026-07-11 05:59:18,556 - CRITICAL - CRITICAL_DRAWDOWN: 1.0
2026-07-11 05:59:18,556 - CRITICAL - AUDIT ALERT: Live bot currently in violation: CRITICAL_DRAWDOWN
2026-07-11 06:59:22,914 - CRITICAL - CRITICAL_DRAWDOWN: 1.0
2026-07-11 06:59:22,914 - CRITICAL - AUDIT ALERT: Live bot currently in violation: CRITICAL_DRAWDOWN
2026-07-11 07:59:19,299 - CRITICAL - CRITICAL_DRAWDOWN: 1.0
2026-07-11 07:59:19,299 - CRITICAL - AUDIT ALERT: Live bot currently in violation: CRITICAL_DRAWDOWN
2026-07-11 08:59:19,839 - CRITICAL - CRITICAL_DRAWDOWN: 1.0
2026-07-11 08:59:19,839 - CRITICAL - AUDIT ALERT: Live bot currently in violation: CRITICAL_DRAWDOWN
2026-07-11 09:59:19,952 - CRITICAL - CRITICAL_DRAWDOWN: 1.0
2026-07-11 09:59:19,952 - CRITICAL - AUDIT ALERT: Live bot currently in violation: CRITICAL_DRAWDOWN
2026-07-11 10:59:17,613 - CRITICAL - CRITICAL_DRAWDOWN: 1.0
2026-07-11 10:59:17,616 - CRITICAL - AUDIT ALERT: Live bot currently in violation: CRITICAL_DRAWDOWN
2026-07-11 11:59:18,404 - CRITICAL - CRITICAL_DRAWDOWN: 1.0
2026-07-11 11:59:18,404 - CRITICAL - AUDIT ALERT: Live bot currently in violation: CRITICAL_DRAWDOWN
2026-07-11 12:59:19,722 - CRITICAL - CRITICAL_DRAWDOWN: 1.0
2026-07-11 12:59:19,722 - CRITICAL - AUDIT ALERT: Live bot currently in violation: CRITICAL_DRAWDOWN
2026-07-11 13:59:17,883 - CRITICAL - CRITICAL_DRAWDOWN: 1.0
2026-07-11 13:59:17,883 - CRITICAL - AUDIT ALERT: Live bot currently in violation: CRITICAL_DRAWDOWN
2026-07-11 14:59:17,500 - CRITICAL - CRITICAL_DRAWDOWN: 1.0
2026-07-11 14:59:17,500 - CRITICAL - AUDIT ALERT: Live bot currently in violation: CRITICAL_DRAWDOWN
2026-07-11 15:59:19,028 - CRITICAL - CRITICAL_DRAWDOWN: 1.0
2026-07-11 15:59:19,028 - CRITICAL - AUDIT ALERT: Live bot currently in violation: CRITICAL_DRAWDOWN
2026-07-11 16:59:18,815 - CRITICAL - CRITICAL_DRAWDOWN: 1.0
2026-07-11 16:59:18,815 - CRITICAL - AUDIT ALERT: Live bot currently in violation: CRITICAL_DRAWDOWN
2026-07-11 17:59:16,896 - CRITICAL - CRITICAL_DRAWDOWN: 1.0
2026-07-11 17:59:16,896 - CRITICAL - AUDIT ALERT: Live bot currently in violation: CRITICAL_DRAWDOWN
2026-07-11 18:59:16,477 - CRITICAL - CRITICAL_DRAWDOWN: 1.0
2026-07-11 18:59:16,477 - CRITICAL - AUDIT ALERT: Live bot currently in violation: CRITICAL_DRAWDOWN
2026-07-11 19:59:16,649 - CRITICAL - CRITICAL_DRAWDOWN: 1.0
2026-07-11 19:59:16,649 - CRITICAL - AUDIT ALERT: Live bot currently in violation: CRITICAL_DRAWDOWN
2026-07-11 20:59:17,011 - CRITICAL - CRITICAL_DRAWDOWN: 1.0
2026-07-11 20:59:17,011 - CRITICAL - AUDIT ALERT: Live bot currently in violation: CRITICAL_DRAWDOWN
2026-07-11 21:59:21,482 - CRITICAL - CRITICAL_DRAWDOWN: 1.0
2026-07-11 21:59:21,482 - CRITICAL - AUDIT ALERT: Live bot currently in violation: CRITICAL_DRAWDOWN
